
> backend@1.0.0 test
> jest --verbose --runInBand

  console.log
    [Stripe] Price lookup {
      priceId: 'price_test123',
      active: true,
      currency: 'usd',
      nickname: undefined,
      product: 'prod_test123',
      livemode: false
    }

      at StripeService.createCheckoutSession (stripe/stripe.service.ts:77:17)

  console.log
    [Stripe] Price lookup {
      priceId: 'price_test123',
      active: true,
      currency: 'usd',
      nickname: undefined,
      product: 'prod_test123',
      livemode: false
    }

      at StripeService.createCheckoutSession (stripe/stripe.service.ts:77:17)

  console.log
    [Stripe] Price lookup {
      priceId: 'price_test123',
      active: true,
      currency: 'usd',
      nickname: undefined,
      product: 'prod_test123',
      livemode: false
    }

      at StripeService.createCheckoutSession (stripe/stripe.service.ts:77:17)

  console.error
    Stripe checkout session error {
      message: 'Stripe error',
      type: undefined,
      code: undefined,
      statusCode: undefined,
      param: undefined,
      rawType: undefined,
      rawMessage: undefined,
      requestId: undefined,
      docs: undefined
    }

    [0m [90m 114 |[39m       [36mreturn[39m session[33m.[39murl[33m;[39m
     [90m 115 |[39m     } [36mcatch[39m (error[33m:[39m any) {
    [31m[1m>[22m[39m[90m 116 |[39m       console[33m.[39merror([32m'Stripe checkout session error'[39m[33m,[39m {
     [90m     |[39m               [31m[1m^[22m[39m
     [90m 117 |[39m         message[33m:[39m error[33m?[39m[33m.[39mmessage[33m,[39m
     [90m 118 |[39m         type[33m:[39m error[33m?[39m[33m.[39mtype[33m,[39m
     [90m 119 |[39m         code[33m:[39m error[33m?[39m[33m.[39mcode[33m,[39m[0m

      at StripeService.createCheckoutSession (stripe/stripe.service.ts:116:15)
      at Object.<anonymous> (stripe/stripe.service.spec.ts:187:7)

  console.log
    User 1 subscription activated successfully

      at StripeService.handleCheckoutSessionCompleted (stripe/stripe.service.ts:282:17)

  console.log
    Unhandled event type: unknown.event

      at StripeService.handleWebhookEvent (stripe/stripe.service.ts:256:17)

